// Jest Snapshot v1, https://goo.gl/fbAQLP

exports[`Calculator matches the snapshot 1`] = `
<div>
  <div
    class="main"
  >
    <h2>
      L3t$ D0 s0m3 M@th$
    </h2>
    <div
      class="cover"
    >
      <div
        class="calculator"
      >
        <div
          class="calculator__wrap"
        >
          <div
            class="calculator__display"
          >
            0
          </div>
          <div
            class="calculator__functions"
          >
            <button
              class=""
              type="button"
            >
              AC
            </button>
            <button
              class=""
              type="button"
            >
              +/-
            </button>
            <button
              class=""
              type="button"
            >
              %
            </button>
            <button
              class="btn--opaque"
              type="button"
            >
              รท
            </button>
            <button
              class=""
              type="button"
            >
              7
            </button>
            <button
              class=""
              type="button"
            >
              8
            </button>
            <button
              class=""
              type="button"
            >
              9
            </button>
            <button
              class="btn--opaque"
              type="button"
            >
              x
            </button>
            <button
              class=""
              type="button"
            >
              4
            </button>
            <button
              class=""
              type="button"
            >
              5
            </button>
            <button
              class=""
              type="button"
            >
              6
            </button>
            <button
              class="btn--opaque"
              type="button"
            >
              -
            </button>
            <button
              class=""
              type="button"
            >
              1
            </button>
            <button
              class=""
              type="button"
            >
              2
            </button>
            <button
              class=""
              type="button"
            >
              3
            </button>
            <button
              class="btn--opaque"
              type="button"
            >
              +
            </button>
            <button
              class="btn--large"
              type="button"
            >
              0
            </button>
            <button
              class=""
              type="button"
            >
              .
            </button>
            <button
              class="btn--opaque"
              type="button"
            >
              =
            </button>
          </div>
        </div>
      </div>
    </div>
  </div>
</div>
`;
